[33mÔØ»[39m Building...
